<?xml version="1.0" encoding="UTF-8" standalone="no"?>
<!DOCTYPE log SYSTEM "logger.dtd">
<log>
<record>
  <date>2025-07-02T09:27:09.285-0300</date>
  <logger>JOAO GABRIEL DE AGUIAR</logger>
  <level>FINE</level>
  <message>File 124111123-JOAO GABRIEL DE AGUIAR.zip was received. It was sent by JOAO GABRIEL DE AGUIAR from IP 150.165.74.35 at 02-07-2025 09*27*09</message>
</record>
<<<<<<< HEAD
</log>
<?xml version="1.0" encoding="UTF-8" standalone="no"?>
<!DOCTYPE log SYSTEM "logger.dtd">
<log>
<record>
  <date>2025-07-06T00:54:00.803-0300</date>
  <logger>JOAO GABRIEL DE AGUIAR</logger>
  <level>FINE</level>
  <message>File 124111123-JOAO GABRIEL DE AGUIAR.zip was received. It was sent by JOAO GABRIEL DE AGUIAR from IP 192.168.2.103 at 06-07-2025 00*54*00</message>
</record>
=======
>>>>>>> 2a793110f4649d26e66826ac04680b747a8819b8
